[    1154ms] [INFO] %cDownload the React DevTools for a better development experience: https://reactjs.org/link/react-devtools font-weight:bold @ http://localhost:3000/huseyin_soykok/static/js/bundle.js:48135
[    1699ms] [LOG] JSHandle@node @ http://localhost:3000/huseyin_soykok/static/js/bundle.js:14904
[    1700ms] [LOG] Wed Aug 12 2026 13:48:46 GMT+0200 (Central European Summer Time) @ http://localhost:3000/huseyin_soykok/static/js/bundle.js:14972
[    1701ms] [LOG] function () {} @ http://localhost:3000/huseyin_soykok/static/js/bundle.js:14996
[    1702ms] [TABLE] [Object, Object, Object, Object, Object, Object, Object, Object, Object, Object, Object, Object, Object, Object, Object, Object, Object, Object, Object, Object, Object, Object, Object, Object, Object, Object, Object, Object, Object, Object, Object, Object, Object, Object, Object, Object, Object, Object, Object, Object, Object, Object, Object, Object, Object, Object, Object, Object, Object, Object] @ http://localhost:3000/huseyin_soykok/static/js/bundle.js:15036
[    1773ms] [LOG] [Object, Object, Object, Object, Object, Object, Object, Object, Object, Object, Object, Object, Object, Object, Object, Object, Object, Object, Object, Object, Object, Object, Object, Object, Object, Object, Object, Object, Object, Object, Object, Object, Object, Object, Object, Object, Object, Object, Object, Object, Object, Object, Object, Object, Object, Object, Object, Object, Object, Object] @ http://localhost:3000/huseyin_soykok/static/js/bundle.js:15039
[    2201ms] [LOG] JSHandle@node @ http://localhost:3000/huseyin_soykok/static/js/bundle.js:14904
[    2201ms] [LOG] Wed Aug 12 2026 13:48:46 GMT+0200 (Central European Summer Time) @ http://localhost:3000/huseyin_soykok/static/js/bundle.js:14972
[    2202ms] [LOG] function () {} @ http://localhost:3000/huseyin_soykok/static/js/bundle.js:14996
[    2202ms] [TABLE] [Object, Object, Object, Object, Object, Object, Object, Object, Object, Object, Object, Object, Object, Object, Object, Object, Object, Object, Object, Object, Object, Object, Object, Object, Object, Object, Object, Object, Object, Object, Object, Object, Object, Object, Object, Object, Object, Object, Object, Object, Object, Object, Object, Object, Object, Object, Object, Object, Object, Object] @ http://localhost:3000/huseyin_soykok/static/js/bundle.js:15036
[    2249ms] [LOG] [Object, Object, Object, Object, Object, Object, Object, Object, Object, Object, Object, Object, Object, Object, Object, Object, Object, Object, Object, Object, Object, Object, Object, Object, Object, Object, Object, Object, Object, Object, Object, Object, Object, Object, Object, Object, Object, Object, Object, Object, Object, Object, Object, Object, Object, Object, Object, Object, Object, Object] @ http://localhost:3000/huseyin_soykok/static/js/bundle.js:15039
[    2700ms] [LOG] JSHandle@node @ http://localhost:3000/huseyin_soykok/static/js/bundle.js:14904
[    2701ms] [LOG] Wed Aug 12 2026 13:48:46 GMT+0200 (Central European Summer Time) @ http://localhost:3000/huseyin_soykok/static/js/bundle.js:14972
[    2701ms] [LOG] function () {} @ http://localhost:3000/huseyin_soykok/static/js/bundle.js:14996
[    2701ms] [TABLE] [Object, Object, Object, Object, Object, Object, Object, Object, Object, Object, Object, Object, Object, Object, Object, Object, Object, Object, Object, Object, Object, Object, Object, Object, Object, Object, Object, Object, Object, Object, Object, Object, Object, Object, Object, Object, Object, Object, Object, Object, Object, Object, Object, Object, Object, Object, Object, Object, Object, Object] @ http://localhost:3000/huseyin_soykok/static/js/bundle.js:15036
[    2747ms] [LOG] [Object, Object, Object, Object, Object, Object, Object, Object, Object, Object, Object, Object, Object, Object, Object, Object, Object, Object, Object, Object, Object, Object, Object, Object, Object, Object, Object, Object, Object, Object, Object, Object, Object, Object, Object, Object, Object, Object, Object, Object, Object, Object, Object, Object, Object, Object, Object, Object, Object, Object] @ http://localhost:3000/huseyin_soykok/static/js/bundle.js:15039
[    3199ms] [LOG] JSHandle@node @ http://localhost:3000/huseyin_soykok/static/js/bundle.js:14904
[    3200ms] [LOG] Wed Aug 12 2026 13:48:46 GMT+0200 (Central European Summer Time) @ http://localhost:3000/huseyin_soykok/static/js/bundle.js:14972
[    3200ms] [LOG] function () {} @ http://localhost:3000/huseyin_soykok/static/js/bundle.js:14996
[    3200ms] [TABLE] [Object, Object, Object, Object, Object, Object, Object, Object, Object, Object, Object, Object, Object, Object, Object, Object, Object, Object, Object, Object, Object, Object, Object, Object, Object, Object, Object, Object, Object, Object, Object, Object, Object, Object, Object, Object, Object, Object, Object, Object, Object, Object, Object, Object, Object, Object, Object, Object, Object, Object] @ http://localhost:3000/huseyin_soykok/static/js/bundle.js:15036
[    3248ms] [LOG] [Object, Object, Object, Object, Object, Object, Object, Object, Object, Object, Object, Object, Object, Object, Object, Object, Object, Object, Object, Object, Object, Object, Object, Object, Object, Object, Object, Object, Object, Object, Object, Object, Object, Object, Object, Object, Object, Object, Object, Object, Object, Object, Object, Object, Object, Object, Object, Object, Object, Object] @ http://localhost:3000/huseyin_soykok/static/js/bundle.js:15039
[    3248ms] [WARNING] You don't have permission to use DEVTOOL!【type = 6】 @ http://localhost:3000/huseyin_soykok/static/js/bundle.js:14743
[    3249ms] [WARNING] Scripts may close only the windows that were opened by them. @ http://localhost:3000/huseyin_soykok/static/js/bundle.js:14509
